#-----------------------------------------------------------
# Vivado v2023.2 (64-bit)
# SW Build 4029153 on Fri Oct 13 20:14:34 MDT 2023
# IP Build 4028589 on Sat Oct 14 00:45:43 MDT 2023
# SharedData Build 4025554 on Tue Oct 10 17:18:54 MDT 2023
# Start of session at: Wed Apr 24 19:01:09 2024
# Process ID: 10148
# Current directory: C:/Users/iulia/Documents/.UTCN/DSD/PROIECT_LOCKER
# Command line: vivado.exe -gui_launcher_event rodinguilauncherevent10432 C:\Users\iulia\Documents\.UTCN\DSD\PROIECT_LOCKER\PROIECT_LOCKER.xpr
# Log file: C:/Users/iulia/Documents/.UTCN/DSD/PROIECT_LOCKER/vivado.log
# Journal file: C:/Users/iulia/Documents/.UTCN/DSD/PROIECT_LOCKER\vivado.jou
# Running On: DESKTOP-EFC4PGD, OS: Windows, CPU Frequency: 2419 MHz, CPU Physical cores: 4, Host memory: 25559 MB
#----------------------------------------------------------start_gui
open_project C:/Users/iulia/Documents/.UTCN/DSD/PROIECT_LOCKER/PROIECT_LOCKER.xpr
update_compile_order -fileset sources_1
1
file mkdir C:/Users/iulia/Documents/.UTCN/DSD/PROIECT_LOCKER/PROIECT_LOCKER.srcs/sources_1/new
close [ open C:/Users/iulia/Documents/.UTCN/DSD/PROIECT_LOCKER/PROIECT_LOCKER.srcs/sources_1/new/4bit_comparator.vhd w ]
add_files C:/Users/iulia/Documents/.UTCN/DSD/PROIECT_LOCKER/PROIECT_LOCKER.srcs/sources_1/new/4bit_comparator.vhd
update_compile_order -fileset sources_1
close [ open C:/Users/iulia/Documents/.UTCN/DSD/PROIECT_LOCKER/PROIECT_LOCKER.srcs/sources_1/new/top.vhd w ]
add_files C:/Users/iulia/Documents/.UTCN/DSD/PROIECT_LOCKER/PROIECT_LOCKER.srcs/sources_1/new/top.vhd
update_compile_order -fileset sources_1
export_ip_user_files -of_objects  [get_files C:/Users/iulia/Documents/.UTCN/DSD/PROIECT_LOCKER/PROIECT_LOCKER.srcs/sources_1/new/top.vhd] -no_script -reset -force -quiet
remove_files  C:/Users/iulia/Documents/.UTCN/DSD/PROIECT_LOCKER/PROIECT_LOCKER.srcs/sources_1/new/top.vhd
file delete -force C:/Users/iulia/Documents/.UTCN/DSD/PROIECT_LOCKER/PROIECT_LOCKER.srcs/sources_1/new/top.vhd
close [ open C:/Users/iulia/Documents/.UTCN/DSD/PROIECT_LOCKER/PROIECT_LOCKER.srcs/sources_1/new/top.vhd w ]
add_files C:/Users/iulia/Documents/.UTCN/DSD/PROIECT_LOCKER/PROIECT_LOCKER.srcs/sources_1/new/top.vhd
update_compile_order -fileset sources_1
export_ip_user_files -of_objects  [get_files C:/Users/iulia/Downloads/reg_pin_nou.vhd] -no_script -reset -force -quiet
remove_files  C:/Users/iulia/Downloads/reg_pin_nou.vhd
